// Jest Snapshot v1, https://goo.gl/fbAQLP

exports[`<Site /> mount matches the snapshot 1`] = `
<div
  className="pageContainer"
>
  <header>
    <div>
      <h1>
        BerserkTech
      </h1>
      <span>
        Software Developers Crew
      </span>
    </div>
  </header>
  <section
    className="members"
  />
  <div
    className="contact-us"
  >
    <a
      href="mailto: ask@berserk.tech"
    >
      Contact Us Now
    </a>
  </div>
  <div
    className="footer"
  >
    <a
      href="https://github.com/berserktech"
      target="_blank"
    >
      github.com/berserktech
    </a>
    <a
      href="https://twitter.com/BerserkTech"
      target="_blank"
    >
      twitter.com/BerserkTech
    </a>
    <a
      href="https://medium.com/berserktech"
      target="_blank"
    >
      medium.com/BerserkTech
    </a>
    <a
      href="https://www.facebook.com/BerserkTech"
      target="_blank"
    >
      facebook.com/BerserkTech
    </a>
    <a
      href="https://medium.com/berserktech/manifesto-b9eda0fda1a7"
      style={
        Object {
          "color": "white",
          "flexBasis": "100%",
          "marginTop": "30px",
          "textAlign": "center",
        }
      }
      target="_blank"
    >
      <b>
        Read our Manifesto
      </b>
    </a>
  </div>
</div>
`;
